/data/tianyi/conda_envs/tf-ovos/lib/python3.11/site-packages/transformers/utils/generic.py:441: FutureWarning: `torch.utils._pytree._register_pytree_node` is deprecated. Please use `torch.utils._pytree.register_pytree_node` instead.
  _torch_pytree._register_pytree_node(
/data/tianyi/conda_envs/tf-ovos/lib/python3.11/site-packages/mmcv/cnn/bricks/transformer.py:33: UserWarning: Fail to import ``MultiScaleDeformableAttention`` from ``mmcv.ops.multi_scale_deform_attn``, You should install ``mmcv`` rather than ``mmcv-lite`` if you need this module. 
  warnings.warn('Fail to import ``MultiScaleDeformableAttention`` from '
07/13 19:13:48 - mmengine - INFO - 
------------------------------------------------------------
System environment:
    sys.platform: linux
    Python: 3.11.15 (main, Mar 11 2026, 17:20:07) [GCC 14.3.0]
    CUDA available: True
    MUSA available: False
    numpy_random_seed: 1429480031
    GPU 0: NVIDIA A100 80GB PCIe
    CUDA_HOME: None
    GCC: gcc (Ubuntu 13.3.0-6ubuntu2~24.04.1) 13.3.0
    PyTorch: 2.12.0+cu130
    PyTorch compiling details: PyTorch built with:
  - GCC 13.3
  - C++ Version: 202002
  - Intel(R) oneAPI Math Kernel Library Version 2024.2-Product Build 20240605 for Intel(R) 64 architecture applications
  - Intel(R) MKL-DNN v3.11.2 (Git Hash 03c022d3ffdcee958cfacbe720048e725fdf644c)
  - OpenMP 201511 (a.k.a. OpenMP 4.5)
  - LAPACK is enabled (usually provided by MKL)
  - NNPACK is enabled
  - CPU capability usage: AVX2
  - CUDA Runtime 13.0
  - NVCC architecture flags: -gencode;arch=compute_75,code=sm_75;-gencode;arch=compute_80,code=sm_80;-gencode;arch=compute_86,code=sm_86;-gencode;arch=compute_90,code=sm_90;-gencode;arch=compute_100,code=sm_100;-gencode;arch=compute_120,code=sm_120
  - CuDNN 92.0  (built against CUDA 13.2)
  - Magma 2.6.1
  - Build settings: BLAS_INFO=mkl, BUILD_TYPE=Release, COMMIT_SHA=7661cd9c6b841b62b7f411aa52ec51f05457263b, CUDA_FLAGS= -DLIBCUDACXX_ENABLE_SIMPLIFIED_COMPLEX_OPERATIONS -Xfatbin -compress-all -DONNX_NAMESPACE=onnx_torch -gencode arch=compute_75,code=sm_75 -gencode arch=compute_80,code=sm_80 -gencode arch=compute_86,code=sm_86 -gencode arch=compute_90,code=sm_90 -gencode arch=compute_100,code=sm_100 -gencode arch=compute_120,code=sm_120 -Xcudafe --diag_suppress=cc_clobber_ignored,--diag_suppress=field_without_dll_interface,--diag_suppress=base_class_has_different_dll_interface,--diag_suppress=dll_interface_conflict_none_assumed,--diag_suppress=dll_interface_conflict_dllexport_assumed,--diag_suppress=bad_friend_decl --expt-relaxed-constexpr --expt-extended-lambda -Xfatbin -compress-all --threads 2 -compress-mode=size -Wno-deprecated-gpu-targets --expt-extended-lambda -DCUB_WRAPPED_NAMESPACE=at_cuda_detail -DDISABLE_CUSPARSE_DEPRECATED -DCUDA_HAS_FP16=1 -D__CUDA_NO_HALF_OPERATORS__ -D__CUDA_NO_HALF_CONVERSIONS__ -D__CUDA_NO_HALF2_OPERATORS__ -D__CUDA_NO_BFLOAT16_CONVERSIONS__ -DC10_NODEPRECATED, CUDA_VERSION=13.0, CUDNN_VERSION=9.20.0, CXX_COMPILER=/opt/rh/gcc-toolset-13/root/usr/bin/c++, CXX_FLAGS= -fvisibility-inlines-hidden -DUSE_PTHREADPOOL -DNDEBUG -DUSE_KINETO -DLIBKINETO_NOROCTRACER -DLIBKINETO_NOXPUPTI=ON -DUSE_FBGEMM -DUSE_MSLK -DUSE_PYTORCH_QNNPACK -DUSE_XNNPACK -DSYMBOLICATE_MOBILE_DEBUG_HANDLE -O2 -fPIC -DC10_NODEPRECATED -Wall -Wextra -Werror=return-type -Werror=non-virtual-dtor -Werror=range-loop-construct -Werror=bool-operation -Wnarrowing -Wno-missing-field-initializers -Wno-unknown-pragmas -Wno-unused-parameter -Wno-strict-overflow -Wno-strict-aliasing -Wno-stringop-overflow -Wsuggest-override -Wno-psabi -Wno-error=old-style-cast -faligned-new -Wno-maybe-uninitialized -fno-math-errno -fno-trapping-math -Werror=format -Wno-dangling-reference -Wno-error=dangling-reference -Wno-stringop-overflow, LAPACK_INFO=mkl, PERF_WITH_AVX=1, PERF_WITH_AVX2=1, TORCH_VERSION=2.12.0, USE_CUDA=ON, USE_CUDNN=ON, USE_CUSPARSELT=1, USE_GFLAGS=OFF, USE_GLOG=OFF, USE_GLOO=ON, USE_MKL=ON, USE_MKLDNN=ON, USE_MPI=OFF, USE_NCCL=1, USE_NNPACK=ON, USE_OPENMP=ON, USE_ROCM=OFF, USE_ROCM_KERNEL_ASSERT=OFF, USE_XCCL=OFF, USE_XPU=OFF, 

    TorchVision: 0.27.0+cu130
    OpenCV: 4.13.0
    MMEngine: 0.10.7

Runtime environment:
    cudnn_benchmark: True
    dist_cfg: {'backend': 'nccl'}
    mp_cfg: {'mp_start_method': 'fork', 'opencv_num_threads': 0}
    seed: 1429480031
    Distributed launcher: none
    Distributed training: False
    GPU number: 1
------------------------------------------------------------

07/13 19:13:48 - mmengine - INFO - Config:
data_root = '/data/tianyi/TF-OVCOS/data/official_mmseg/context59'
dataset_type = 'PascalContext59Dataset'
default_hooks = dict(
    checkpoint=dict(by_epoch=False, interval=2000, type='CheckpointHook'),
    logger=dict(interval=50, log_metric_by_epoch=False, type='LoggerHook'),
    param_scheduler=dict(type='ParamSchedulerHook'),
    sampler_seed=dict(type='DistSamplerSeedHook'),
    timer=dict(type='IterTimerHook'),
    visualization=dict(interval=1, type='SegVisualizationHook'))
default_scope = 'mmseg'
env_cfg = dict(
    cudnn_benchmark=True,
    dist_cfg=dict(backend='nccl'),
    mp_cfg=dict(mp_start_method='fork', opencv_num_threads=0))
launcher = 'none'
load_from = None
log_level = 'INFO'
log_processor = dict(by_epoch=False)
model = dict(
    clip_path='ViT-B/16',
    multi_end_idx=10,
    multi_start_idx=3,
    name_path='./configs/cls_context59.txt',
    post_adjust_idx=3,
    pre_adjust_idx=8,
    res_cls=0.1,
    type='SCCLIPForSegmentation')
resume = False
test_cfg = dict(type='TestLoop')
test_dataloader = dict(
    batch_size=1,
    dataset=dict(
        ann_file='ImageSets/SegmentationContext/val_subset300.txt',
        data_prefix=dict(
            img_path='JPEGImages', seg_map_path='SegmentationClassContext'),
        data_root='/data/tianyi/TF-OVCOS/data/official_mmseg/context59',
        pipeline=[
            dict(type='LoadImageFromFile'),
            dict(keep_ratio=True, scale=(
                2048,
                336,
            ), type='Resize'),
            dict(reduce_zero_label=True, type='LoadAnnotations'),
            dict(type='PackSegInputs'),
        ],
        reduce_zero_label=True,
        type='PascalContext59Dataset'),
    num_workers=4,
    persistent_workers=True,
    sampler=dict(shuffle=False, type='DefaultSampler'))
test_evaluator = dict(
    iou_metrics=[
        'mIoU',
    ],
    output_dir=
    '/data/tianyi/TF-OVCOS/runs/tuning_ablation/scclip_context59/preds_0.1',
    type='IoUMetric')
test_pipeline = [
    dict(type='LoadImageFromFile'),
    dict(keep_ratio=True, scale=(
        2048,
        336,
    ), type='Resize'),
    dict(reduce_zero_label=True, type='LoadAnnotations'),
    dict(type='PackSegInputs'),
]
vis_backends = [
    dict(type='LocalVisBackend'),
]
visualizer = dict(
    name='visualizer',
    type='SegLocalVisualizer',
    vis_backends=[
        dict(type='LocalVisBackend'),
    ])
work_dir = '/data/tianyi/TF-OVCOS/runs/tuning_ablation/scclip_context59/work_0.1'

07/13 19:13:53 - mmengine - INFO - Distributed training is not used, all SyncBatchNorm (SyncBN) layers in the model will be automatically reverted to BatchNormXd layers if they are used.
/data/tianyi/conda_envs/tf-ovos/lib/python3.11/site-packages/mmseg/engine/hooks/visualization_hook.py:60: UserWarning: The draw is False, it means that the hook for visualization will not take effect. The results will NOT be visualized or stored.
  warnings.warn('The draw is False, it means that the '
07/13 19:13:53 - mmengine - INFO - Hooks will be executed in the following order:
before_run:
(VERY_HIGH   ) RuntimeInfoHook                    
(BELOW_NORMAL) LoggerHook                         
 -------------------- 
before_train:
(VERY_HIGH   ) RuntimeInfoHook                    
(NORMAL      ) IterTimerHook                      
(VERY_LOW    ) CheckpointHook                     
 -------------------- 
before_train_epoch:
(VERY_HIGH   ) RuntimeInfoHook                    
(NORMAL      ) IterTimerHook                      
(NORMAL      ) DistSamplerSeedHook                
 -------------------- 
before_train_iter:
(VERY_HIGH   ) RuntimeInfoHook                    
(NORMAL      ) IterTimerHook                      
 -------------------- 
after_train_iter:
(VERY_HIGH   ) RuntimeInfoHook                    
(NORMAL      ) IterTimerHook                      
(NORMAL      ) SegVisualizationHook               
(BELOW_NORMAL) LoggerHook                         
(LOW         ) ParamSchedulerHook                 
(VERY_LOW    ) CheckpointHook                     
 -------------------- 
after_train_epoch:
(NORMAL      ) IterTimerHook                      
(LOW         ) ParamSchedulerHook                 
(VERY_LOW    ) CheckpointHook                     
 -------------------- 
before_val:
(VERY_HIGH   ) RuntimeInfoHook                    
 -------------------- 
before_val_epoch:
(NORMAL      ) IterTimerHook                      
 -------------------- 
before_val_iter:
(NORMAL      ) IterTimerHook                      
 -------------------- 
after_val_iter:
(NORMAL      ) IterTimerHook                      
(NORMAL      ) SegVisualizationHook               
(BELOW_NORMAL) LoggerHook                         
 -------------------- 
after_val_epoch:
(VERY_HIGH   ) RuntimeInfoHook                    
(NORMAL      ) IterTimerHook                      
(BELOW_NORMAL) LoggerHook                         
(LOW         ) ParamSchedulerHook                 
(VERY_LOW    ) CheckpointHook                     
 -------------------- 
after_val:
(VERY_HIGH   ) RuntimeInfoHook                    
 -------------------- 
after_train:
(VERY_HIGH   ) RuntimeInfoHook                    
(VERY_LOW    ) CheckpointHook                     
 -------------------- 
before_test:
(VERY_HIGH   ) RuntimeInfoHook                    
 -------------------- 
before_test_epoch:
(NORMAL      ) IterTimerHook                      
 -------------------- 
before_test_iter:
(NORMAL      ) IterTimerHook                      
 -------------------- 
after_test_iter:
(NORMAL      ) IterTimerHook                      
(NORMAL      ) SegVisualizationHook               
(BELOW_NORMAL) LoggerHook                         
 -------------------- 
after_test_epoch:
(VERY_HIGH   ) RuntimeInfoHook                    
(NORMAL      ) IterTimerHook                      
(BELOW_NORMAL) LoggerHook                         
 -------------------- 
after_test:
(VERY_HIGH   ) RuntimeInfoHook                    
 -------------------- 
after_run:
(BELOW_NORMAL) LoggerHook                         
 -------------------- 
/data/tianyi/conda_envs/tf-ovos/lib/python3.11/site-packages/mmseg/datasets/transforms/loading.py:83: UserWarning: `reduce_zero_label` will be deprecated, if you would like to ignore the zero label, please set `reduce_zero_label=True` when dataset initialized
  warnings.warn('`reduce_zero_label` will be deprecated, '
07/13 19:13:53 - mmengine - WARNING - The prefix is not set in metric class IoUMetric.
07/13 19:13:59 - mmengine - INFO - Iter(test) [ 50/300]    eta: 0:00:27  time: 0.0759  data_time: 0.0014  memory: 520  
07/13 19:14:02 - mmengine - INFO - Iter(test) [100/300]    eta: 0:00:18  time: 0.0774  data_time: 0.0013  memory: 506  
07/13 19:14:06 - mmengine - INFO - Iter(test) [150/300]    eta: 0:00:12  time: 0.0738  data_time: 0.0013  memory: 516  
07/13 19:14:10 - mmengine - INFO - Iter(test) [200/300]    eta: 0:00:08  time: 0.0809  data_time: 0.0013  memory: 511  
07/13 19:14:13 - mmengine - INFO - Iter(test) [250/300]    eta: 0:00:04  time: 0.0703  data_time: 0.0014  memory: 520  
07/13 19:14:17 - mmengine - INFO - Iter(test) [300/300]    eta: 0:00:00  time: 0.0709  data_time: 0.0014  memory: 485  
07/13 19:14:17 - mmengine - INFO - per class results:
07/13 19:14:17 - mmengine - INFO - 
+-------------+-------+-------+
|    Class    |  IoU  |  Acc  |
+-------------+-------+-------+
|  aeroplane  | 61.66 | 74.44 |
|     bag     |  4.02 |  66.3 |
|     bed     | 19.55 | 97.46 |
|  bedclothes | 20.58 |  86.8 |
|    bench    | 19.87 | 69.57 |
|   bicycle   | 46.36 | 76.52 |
|     bird    | 63.99 | 88.21 |
|     boat    |  49.5 | 89.75 |
|     book    | 31.71 | 37.26 |
|    bottle   | 32.96 | 59.94 |
|   building  | 25.98 | 26.73 |
|     bus     | 73.01 | 94.49 |
|   cabinet   | 24.91 | 48.44 |
|     car     | 70.91 | 87.64 |
|     cat     | 83.32 | 97.65 |
|   ceiling   | 52.44 | 81.04 |
|    chair    | 24.47 | 35.27 |
|    cloth    |  4.05 | 22.86 |
|   computer  |  6.7  | 24.43 |
|     cow     |  83.1 | 92.81 |
|     cup     |  7.73 | 14.23 |
|   curtain   |  9.4  | 84.26 |
|     dog     | 83.54 | 95.01 |
|     door    |  4.95 | 52.41 |
|    fence    | 25.28 | 60.37 |
|    floor    | 35.86 | 65.46 |
|    flower   |  5.21 | 12.27 |
|     food    | 14.12 | 91.67 |
|    grass    | 62.39 |  88.3 |
|    ground   | 19.77 | 21.94 |
|    horse    | 67.19 | 93.85 |
|   keyboard  | 32.08 | 39.32 |
|    light    | 12.11 | 45.93 |
|  motorbike  | 52.66 | 79.71 |
|   mountain  | 43.59 | 74.83 |
|    mouse    |  0.0  |  0.0  |
|    person   | 53.11 |  55.4 |
|    plate    | 18.49 | 50.53 |
|   platform  |  0.45 |  0.66 |
| pottedplant | 30.47 | 83.74 |
|     road    | 39.94 | 59.26 |
|     rock    | 56.26 | 83.76 |
|    sheep    | 19.55 |  93.6 |
|   shelves   |  6.99 | 23.24 |
|   sidewalk  |  6.88 | 57.48 |
|     sign    | 21.33 |  49.9 |
|     sky     | 80.36 | 80.77 |
|     snow    | 65.08 | 90.27 |
|     sofa    | 54.63 | 81.25 |
|    table    | 36.52 | 64.54 |
|    track    |  1.33 |  2.48 |
|    train    | 50.96 | 72.28 |
|     tree    | 60.09 | 76.42 |
|    truck    |  21.7 | 53.26 |
|  tvmonitor  | 17.43 | 18.48 |
|     wall    | 30.45 | 35.91 |
|    water    | 79.73 | 86.19 |
|    window   |  23.5 | 55.22 |
|     wood    |  7.58 | 26.47 |
+-------------+-------+-------+
07/13 19:14:17 - mmengine - INFO - Iter(test) [300/300]    aAcc: 59.7900  mIoU: 34.8800  mAcc: 60.6500  data_time: 0.0020  time: 0.0788
