2026/07/13 19:15:04 - mmengine - INFO - 
------------------------------------------------------------
System environment:
    sys.platform: linux
    Python: 3.11.15 (main, Mar 11 2026, 17:20:07) [GCC 14.3.0]
    CUDA available: True
    MUSA available: False
    numpy_random_seed: 813578995
    GPU 0: NVIDIA A100 80GB PCIe
    CUDA_HOME: None
    GCC: gcc (Ubuntu 13.3.0-6ubuntu2~24.04.1) 13.3.0
    PyTorch: 2.12.0+cu130
    PyTorch compiling details: PyTorch built with:
  - GCC 13.3
  - C++ Version: 202002
  - Intel(R) oneAPI Math Kernel Library Version 2024.2-Product Build 20240605 for Intel(R) 64 architecture applications
  - Intel(R) MKL-DNN v3.11.2 (Git Hash 03c022d3ffdcee958cfacbe720048e725fdf644c)
  - OpenMP 201511 (a.k.a. OpenMP 4.5)
  - LAPACK is enabled (usually provided by MKL)
  - NNPACK is enabled
  - CPU capability usage: AVX2
  - CUDA Runtime 13.0
  - NVCC architecture flags: -gencode;arch=compute_75,code=sm_75;-gencode;arch=compute_80,code=sm_80;-gencode;arch=compute_86,code=sm_86;-gencode;arch=compute_90,code=sm_90;-gencode;arch=compute_100,code=sm_100;-gencode;arch=compute_120,code=sm_120
  - CuDNN 92.0  (built against CUDA 13.2)
  - Magma 2.6.1
  - Build settings: BLAS_INFO=mkl, BUILD_TYPE=Release, COMMIT_SHA=7661cd9c6b841b62b7f411aa52ec51f05457263b, CUDA_FLAGS= -DLIBCUDACXX_ENABLE_SIMPLIFIED_COMPLEX_OPERATIONS -Xfatbin -compress-all -DONNX_NAMESPACE=onnx_torch -gencode arch=compute_75,code=sm_75 -gencode arch=compute_80,code=sm_80 -gencode arch=compute_86,code=sm_86 -gencode arch=compute_90,code=sm_90 -gencode arch=compute_100,code=sm_100 -gencode arch=compute_120,code=sm_120 -Xcudafe --diag_suppress=cc_clobber_ignored,--diag_suppress=field_without_dll_interface,--diag_suppress=base_class_has_different_dll_interface,--diag_suppress=dll_interface_conflict_none_assumed,--diag_suppress=dll_interface_conflict_dllexport_assumed,--diag_suppress=bad_friend_decl --expt-relaxed-constexpr --expt-extended-lambda -Xfatbin -compress-all --threads 2 -compress-mode=size -Wno-deprecated-gpu-targets --expt-extended-lambda -DCUB_WRAPPED_NAMESPACE=at_cuda_detail -DDISABLE_CUSPARSE_DEPRECATED -DCUDA_HAS_FP16=1 -D__CUDA_NO_HALF_OPERATORS__ -D__CUDA_NO_HALF_CONVERSIONS__ -D__CUDA_NO_HALF2_OPERATORS__ -D__CUDA_NO_BFLOAT16_CONVERSIONS__ -DC10_NODEPRECATED, CUDA_VERSION=13.0, CUDNN_VERSION=9.20.0, CXX_COMPILER=/opt/rh/gcc-toolset-13/root/usr/bin/c++, CXX_FLAGS= -fvisibility-inlines-hidden -DUSE_PTHREADPOOL -DNDEBUG -DUSE_KINETO -DLIBKINETO_NOROCTRACER -DLIBKINETO_NOXPUPTI=ON -DUSE_FBGEMM -DUSE_MSLK -DUSE_PYTORCH_QNNPACK -DUSE_XNNPACK -DSYMBOLICATE_MOBILE_DEBUG_HANDLE -O2 -fPIC -DC10_NODEPRECATED -Wall -Wextra -Werror=return-type -Werror=non-virtual-dtor -Werror=range-loop-construct -Werror=bool-operation -Wnarrowing -Wno-missing-field-initializers -Wno-unknown-pragmas -Wno-unused-parameter -Wno-strict-overflow -Wno-strict-aliasing -Wno-stringop-overflow -Wsuggest-override -Wno-psabi -Wno-error=old-style-cast -faligned-new -Wno-maybe-uninitialized -fno-math-errno -fno-trapping-math -Werror=format -Wno-dangling-reference -Wno-error=dangling-reference -Wno-stringop-overflow, LAPACK_INFO=mkl, PERF_WITH_AVX=1, PERF_WITH_AVX2=1, TORCH_VERSION=2.12.0, USE_CUDA=ON, USE_CUDNN=ON, USE_CUSPARSELT=1, USE_GFLAGS=OFF, USE_GLOG=OFF, USE_GLOO=ON, USE_MKL=ON, USE_MKLDNN=ON, USE_MPI=OFF, USE_NCCL=1, USE_NNPACK=ON, USE_OPENMP=ON, USE_ROCM=OFF, USE_ROCM_KERNEL_ASSERT=OFF, USE_XCCL=OFF, USE_XPU=OFF, 

    TorchVision: 0.27.0+cu130
    OpenCV: 4.13.0
    MMEngine: 0.10.7

Runtime environment:
    cudnn_benchmark: True
    dist_cfg: {'backend': 'nccl'}
    mp_cfg: {'mp_start_method': 'fork', 'opencv_num_threads': 0}
    seed: 813578995
    Distributed launcher: none
    Distributed training: False
    GPU number: 1
------------------------------------------------------------

2026/07/13 19:15:05 - mmengine - INFO - Config:
data_root = '/data/tianyi/TF-OVCOS/data/official_mmseg/context59'
dataset_type = 'PascalContext59Dataset'
default_hooks = dict(
    checkpoint=dict(by_epoch=False, interval=2000, type='CheckpointHook'),
    logger=dict(interval=50, log_metric_by_epoch=False, type='LoggerHook'),
    param_scheduler=dict(type='ParamSchedulerHook'),
    sampler_seed=dict(type='DistSamplerSeedHook'),
    timer=dict(type='IterTimerHook'),
    visualization=dict(interval=1, type='SegVisualizationHook'))
default_scope = 'mmseg'
env_cfg = dict(
    cudnn_benchmark=True,
    dist_cfg=dict(backend='nccl'),
    mp_cfg=dict(mp_start_method='fork', opencv_num_threads=0))
launcher = 'none'
load_from = None
log_level = 'INFO'
log_processor = dict(by_epoch=False)
model = dict(
    clip_path='ViT-B/16',
    multi_end_idx=10,
    multi_start_idx=3,
    name_path='./configs/cls_context59.txt',
    post_adjust_idx=3,
    pre_adjust_idx=8,
    res_cls=0.5,
    type='SCCLIPForSegmentation')
resume = False
test_cfg = dict(type='TestLoop')
test_dataloader = dict(
    batch_size=1,
    dataset=dict(
        ann_file='ImageSets/SegmentationContext/val_subset300.txt',
        data_prefix=dict(
            img_path='JPEGImages', seg_map_path='SegmentationClassContext'),
        data_root='/data/tianyi/TF-OVCOS/data/official_mmseg/context59',
        pipeline=[
            dict(type='LoadImageFromFile'),
            dict(keep_ratio=True, scale=(
                2048,
                336,
            ), type='Resize'),
            dict(reduce_zero_label=True, type='LoadAnnotations'),
            dict(type='PackSegInputs'),
        ],
        reduce_zero_label=True,
        type='PascalContext59Dataset'),
    num_workers=4,
    persistent_workers=True,
    sampler=dict(shuffle=False, type='DefaultSampler'))
test_evaluator = dict(
    iou_metrics=[
        'mIoU',
    ],
    output_dir=
    '/data/tianyi/TF-OVCOS/runs/tuning_ablation/scclip_context59/preds_0.5',
    type='IoUMetric')
test_pipeline = [
    dict(type='LoadImageFromFile'),
    dict(keep_ratio=True, scale=(
        2048,
        336,
    ), type='Resize'),
    dict(reduce_zero_label=True, type='LoadAnnotations'),
    dict(type='PackSegInputs'),
]
vis_backends = [
    dict(type='LocalVisBackend'),
]
visualizer = dict(
    name='visualizer',
    type='SegLocalVisualizer',
    vis_backends=[
        dict(type='LocalVisBackend'),
    ])
work_dir = '/data/tianyi/TF-OVCOS/runs/tuning_ablation/scclip_context59/work_0.5'

2026/07/13 19:15:08 - mmengine - INFO - Distributed training is not used, all SyncBatchNorm (SyncBN) layers in the model will be automatically reverted to BatchNormXd layers if they are used.
2026/07/13 19:15:08 - mmengine - INFO - Hooks will be executed in the following order:
before_run:
(VERY_HIGH   ) RuntimeInfoHook                    
(BELOW_NORMAL) LoggerHook                         
 -------------------- 
before_train:
(VERY_HIGH   ) RuntimeInfoHook                    
(NORMAL      ) IterTimerHook                      
(VERY_LOW    ) CheckpointHook                     
 -------------------- 
before_train_epoch:
(VERY_HIGH   ) RuntimeInfoHook                    
(NORMAL      ) IterTimerHook                      
(NORMAL      ) DistSamplerSeedHook                
 -------------------- 
before_train_iter:
(VERY_HIGH   ) RuntimeInfoHook                    
(NORMAL      ) IterTimerHook                      
 -------------------- 
after_train_iter:
(VERY_HIGH   ) RuntimeInfoHook                    
(NORMAL      ) IterTimerHook                      
(NORMAL      ) SegVisualizationHook               
(BELOW_NORMAL) LoggerHook                         
(LOW         ) ParamSchedulerHook                 
(VERY_LOW    ) CheckpointHook                     
 -------------------- 
after_train_epoch:
(NORMAL      ) IterTimerHook                      
(LOW         ) ParamSchedulerHook                 
(VERY_LOW    ) CheckpointHook                     
 -------------------- 
before_val:
(VERY_HIGH   ) RuntimeInfoHook                    
 -------------------- 
before_val_epoch:
(NORMAL      ) IterTimerHook                      
 -------------------- 
before_val_iter:
(NORMAL      ) IterTimerHook                      
 -------------------- 
after_val_iter:
(NORMAL      ) IterTimerHook                      
(NORMAL      ) SegVisualizationHook               
(BELOW_NORMAL) LoggerHook                         
 -------------------- 
after_val_epoch:
(VERY_HIGH   ) RuntimeInfoHook                    
(NORMAL      ) IterTimerHook                      
(BELOW_NORMAL) LoggerHook                         
(LOW         ) ParamSchedulerHook                 
(VERY_LOW    ) CheckpointHook                     
 -------------------- 
after_val:
(VERY_HIGH   ) RuntimeInfoHook                    
 -------------------- 
after_train:
(VERY_HIGH   ) RuntimeInfoHook                    
(VERY_LOW    ) CheckpointHook                     
 -------------------- 
before_test:
(VERY_HIGH   ) RuntimeInfoHook                    
 -------------------- 
before_test_epoch:
(NORMAL      ) IterTimerHook                      
 -------------------- 
before_test_iter:
(NORMAL      ) IterTimerHook                      
 -------------------- 
after_test_iter:
(NORMAL      ) IterTimerHook                      
(NORMAL      ) SegVisualizationHook               
(BELOW_NORMAL) LoggerHook                         
 -------------------- 
after_test_epoch:
(VERY_HIGH   ) RuntimeInfoHook                    
(NORMAL      ) IterTimerHook                      
(BELOW_NORMAL) LoggerHook                         
 -------------------- 
after_test:
(VERY_HIGH   ) RuntimeInfoHook                    
 -------------------- 
after_run:
(BELOW_NORMAL) LoggerHook                         
 -------------------- 
2026/07/13 19:15:08 - mmengine - WARNING - The prefix is not set in metric class IoUMetric.
2026/07/13 19:15:12 - mmengine - INFO - Iter(test) [ 50/300]    eta: 0:00:21  time: 0.0717  data_time: 0.0014  memory: 520  
2026/07/13 19:15:16 - mmengine - INFO - Iter(test) [100/300]    eta: 0:00:16  time: 0.0777  data_time: 0.0014  memory: 506  
2026/07/13 19:15:19 - mmengine - INFO - Iter(test) [150/300]    eta: 0:00:11  time: 0.0741  data_time: 0.0015  memory: 516  
2026/07/13 19:15:23 - mmengine - INFO - Iter(test) [200/300]    eta: 0:00:07  time: 0.0852  data_time: 0.0015  memory: 511  
2026/07/13 19:15:27 - mmengine - INFO - Iter(test) [250/300]    eta: 0:00:03  time: 0.0713  data_time: 0.0014  memory: 520  
2026/07/13 19:15:30 - mmengine - INFO - Iter(test) [300/300]    eta: 0:00:00  time: 0.0682  data_time: 0.0013  memory: 485  
2026/07/13 19:15:30 - mmengine - INFO - per class results:
2026/07/13 19:15:30 - mmengine - INFO - 
+-------------+-------+-------+
|    Class    |  IoU  |  Acc  |
+-------------+-------+-------+
|  aeroplane  |  61.8 | 75.03 |
|     bag     |  4.91 | 65.93 |
|     bed     | 21.21 | 96.96 |
|  bedclothes | 22.35 | 85.94 |
|    bench    | 14.73 | 51.25 |
|   bicycle   | 45.54 | 74.37 |
|     bird    | 64.45 | 88.64 |
|     boat    | 53.05 |  89.6 |
|     book    | 33.89 | 39.29 |
|    bottle   |  34.9 | 56.52 |
|   building  | 22.93 | 23.35 |
|     bus     | 72.47 | 95.16 |
|   cabinet   | 24.85 | 52.39 |
|     car     | 72.39 | 86.45 |
|     cat     | 82.66 | 97.71 |
|   ceiling   | 52.58 | 79.55 |
|    chair    | 23.75 |  33.7 |
|    cloth    |  5.9  | 29.38 |
|   computer  |  6.58 | 24.23 |
|     cow     | 82.08 | 90.29 |
|     cup     |  9.3  | 13.17 |
|   curtain   |  7.7  | 87.17 |
|     dog     |  82.9 | 94.25 |
|     door    |  6.49 | 45.28 |
|    fence    | 24.76 | 62.02 |
|    floor    | 37.04 | 72.09 |
|    flower   |  6.3  | 11.92 |
|     food    | 16.23 | 91.92 |
|    grass    | 63.66 | 85.97 |
|    ground   | 23.12 | 27.87 |
|    horse    | 64.65 | 94.34 |
|   keyboard  | 16.34 | 17.81 |
|    light    |  9.78 | 43.37 |
|  motorbike  | 53.85 | 81.85 |
|   mountain  | 39.43 | 73.71 |
|    mouse    |  0.0  |  0.0  |
|    person   | 58.97 | 62.74 |
|    plate    | 18.24 | 39.69 |
|   platform  |  1.28 |  3.34 |
| pottedplant | 31.94 | 78.63 |
|     road    | 40.59 | 57.07 |
|     rock    | 59.85 | 83.73 |
|    sheep    | 23.05 |  93.7 |
|   shelves   |  5.89 | 20.24 |
|   sidewalk  |  8.01 | 57.92 |
|     sign    | 16.11 | 26.97 |
|     sky     |  80.2 | 80.61 |
|     snow    | 64.77 | 90.36 |
|     sofa    | 50.68 | 82.16 |
|    table    | 37.89 | 66.66 |
|    track    |  1.08 |  2.73 |
|    train    | 54.04 | 71.87 |
|     tree    | 57.24 | 70.42 |
|    truck    | 24.71 | 50.09 |
|  tvmonitor  | 23.26 | 24.81 |
|     wall    | 28.64 | 34.63 |
|    water    | 79.36 | 86.32 |
|    window   | 19.76 | 47.33 |
|     wood    |  4.61 | 16.44 |
+-------------+-------+-------+
2026/07/13 19:15:30 - mmengine - INFO - Iter(test) [300/300]    aAcc: 60.6200  mIoU: 34.8300  mAcc: 59.1000  data_time: 0.0018  time: 0.0754
