2026/07/13 19:14:31 - mmengine - INFO - 
------------------------------------------------------------
System environment:
    sys.platform: linux
    Python: 3.11.15 (main, Mar 11 2026, 17:20:07) [GCC 14.3.0]
    CUDA available: True
    MUSA available: False
    numpy_random_seed: 1245837423
    GPU 0: NVIDIA A100 80GB PCIe
    CUDA_HOME: None
    GCC: gcc (Ubuntu 13.3.0-6ubuntu2~24.04.1) 13.3.0
    PyTorch: 2.12.0+cu130
    PyTorch compiling details: PyTorch built with:
  - GCC 13.3
  - C++ Version: 202002
  - Intel(R) oneAPI Math Kernel Library Version 2024.2-Product Build 20240605 for Intel(R) 64 architecture applications
  - Intel(R) MKL-DNN v3.11.2 (Git Hash 03c022d3ffdcee958cfacbe720048e725fdf644c)
  - OpenMP 201511 (a.k.a. OpenMP 4.5)
  - LAPACK is enabled (usually provided by MKL)
  - NNPACK is enabled
  - CPU capability usage: AVX2
  - CUDA Runtime 13.0
  - NVCC architecture flags: -gencode;arch=compute_75,code=sm_75;-gencode;arch=compute_80,code=sm_80;-gencode;arch=compute_86,code=sm_86;-gencode;arch=compute_90,code=sm_90;-gencode;arch=compute_100,code=sm_100;-gencode;arch=compute_120,code=sm_120
  - CuDNN 92.0  (built against CUDA 13.2)
  - Magma 2.6.1
  - Build settings: BLAS_INFO=mkl, BUILD_TYPE=Release, COMMIT_SHA=7661cd9c6b841b62b7f411aa52ec51f05457263b, CUDA_FLAGS= -DLIBCUDACXX_ENABLE_SIMPLIFIED_COMPLEX_OPERATIONS -Xfatbin -compress-all -DONNX_NAMESPACE=onnx_torch -gencode arch=compute_75,code=sm_75 -gencode arch=compute_80,code=sm_80 -gencode arch=compute_86,code=sm_86 -gencode arch=compute_90,code=sm_90 -gencode arch=compute_100,code=sm_100 -gencode arch=compute_120,code=sm_120 -Xcudafe --diag_suppress=cc_clobber_ignored,--diag_suppress=field_without_dll_interface,--diag_suppress=base_class_has_different_dll_interface,--diag_suppress=dll_interface_conflict_none_assumed,--diag_suppress=dll_interface_conflict_dllexport_assumed,--diag_suppress=bad_friend_decl --expt-relaxed-constexpr --expt-extended-lambda -Xfatbin -compress-all --threads 2 -compress-mode=size -Wno-deprecated-gpu-targets --expt-extended-lambda -DCUB_WRAPPED_NAMESPACE=at_cuda_detail -DDISABLE_CUSPARSE_DEPRECATED -DCUDA_HAS_FP16=1 -D__CUDA_NO_HALF_OPERATORS__ -D__CUDA_NO_HALF_CONVERSIONS__ -D__CUDA_NO_HALF2_OPERATORS__ -D__CUDA_NO_BFLOAT16_CONVERSIONS__ -DC10_NODEPRECATED, CUDA_VERSION=13.0, CUDNN_VERSION=9.20.0, CXX_COMPILER=/opt/rh/gcc-toolset-13/root/usr/bin/c++, CXX_FLAGS= -fvisibility-inlines-hidden -DUSE_PTHREADPOOL -DNDEBUG -DUSE_KINETO -DLIBKINETO_NOROCTRACER -DLIBKINETO_NOXPUPTI=ON -DUSE_FBGEMM -DUSE_MSLK -DUSE_PYTORCH_QNNPACK -DUSE_XNNPACK -DSYMBOLICATE_MOBILE_DEBUG_HANDLE -O2 -fPIC -DC10_NODEPRECATED -Wall -Wextra -Werror=return-type -Werror=non-virtual-dtor -Werror=range-loop-construct -Werror=bool-operation -Wnarrowing -Wno-missing-field-initializers -Wno-unknown-pragmas -Wno-unused-parameter -Wno-strict-overflow -Wno-strict-aliasing -Wno-stringop-overflow -Wsuggest-override -Wno-psabi -Wno-error=old-style-cast -faligned-new -Wno-maybe-uninitialized -fno-math-errno -fno-trapping-math -Werror=format -Wno-dangling-reference -Wno-error=dangling-reference -Wno-stringop-overflow, LAPACK_INFO=mkl, PERF_WITH_AVX=1, PERF_WITH_AVX2=1, TORCH_VERSION=2.12.0, USE_CUDA=ON, USE_CUDNN=ON, USE_CUSPARSELT=1, USE_GFLAGS=OFF, USE_GLOG=OFF, USE_GLOO=ON, USE_MKL=ON, USE_MKLDNN=ON, USE_MPI=OFF, USE_NCCL=1, USE_NNPACK=ON, USE_OPENMP=ON, USE_ROCM=OFF, USE_ROCM_KERNEL_ASSERT=OFF, USE_XCCL=OFF, USE_XPU=OFF, 

    TorchVision: 0.27.0+cu130
    OpenCV: 4.13.0
    MMEngine: 0.10.7

Runtime environment:
    cudnn_benchmark: True
    dist_cfg: {'backend': 'nccl'}
    mp_cfg: {'mp_start_method': 'fork', 'opencv_num_threads': 0}
    seed: 1245837423
    Distributed launcher: none
    Distributed training: False
    GPU number: 1
------------------------------------------------------------

2026/07/13 19:14:31 - mmengine - INFO - Config:
data_root = '/data/tianyi/TF-OVCOS/data/official_mmseg/context59'
dataset_type = 'PascalContext59Dataset'
default_hooks = dict(
    checkpoint=dict(by_epoch=False, interval=2000, type='CheckpointHook'),
    logger=dict(interval=50, log_metric_by_epoch=False, type='LoggerHook'),
    param_scheduler=dict(type='ParamSchedulerHook'),
    sampler_seed=dict(type='DistSamplerSeedHook'),
    timer=dict(type='IterTimerHook'),
    visualization=dict(interval=1, type='SegVisualizationHook'))
default_scope = 'mmseg'
env_cfg = dict(
    cudnn_benchmark=True,
    dist_cfg=dict(backend='nccl'),
    mp_cfg=dict(mp_start_method='fork', opencv_num_threads=0))
launcher = 'none'
load_from = None
log_level = 'INFO'
log_processor = dict(by_epoch=False)
model = dict(
    clip_path='ViT-B/16',
    multi_end_idx=10,
    multi_start_idx=3,
    name_path='./configs/cls_context59.txt',
    post_adjust_idx=3,
    pre_adjust_idx=8,
    res_cls=0.3,
    type='SCCLIPForSegmentation')
resume = False
test_cfg = dict(type='TestLoop')
test_dataloader = dict(
    batch_size=1,
    dataset=dict(
        ann_file='ImageSets/SegmentationContext/val_subset300.txt',
        data_prefix=dict(
            img_path='JPEGImages', seg_map_path='SegmentationClassContext'),
        data_root='/data/tianyi/TF-OVCOS/data/official_mmseg/context59',
        pipeline=[
            dict(type='LoadImageFromFile'),
            dict(keep_ratio=True, scale=(
                2048,
                336,
            ), type='Resize'),
            dict(reduce_zero_label=True, type='LoadAnnotations'),
            dict(type='PackSegInputs'),
        ],
        reduce_zero_label=True,
        type='PascalContext59Dataset'),
    num_workers=4,
    persistent_workers=True,
    sampler=dict(shuffle=False, type='DefaultSampler'))
test_evaluator = dict(
    iou_metrics=[
        'mIoU',
    ],
    output_dir=
    '/data/tianyi/TF-OVCOS/runs/tuning_ablation/scclip_context59/preds_0.3',
    type='IoUMetric')
test_pipeline = [
    dict(type='LoadImageFromFile'),
    dict(keep_ratio=True, scale=(
        2048,
        336,
    ), type='Resize'),
    dict(reduce_zero_label=True, type='LoadAnnotations'),
    dict(type='PackSegInputs'),
]
vis_backends = [
    dict(type='LocalVisBackend'),
]
visualizer = dict(
    name='visualizer',
    type='SegLocalVisualizer',
    vis_backends=[
        dict(type='LocalVisBackend'),
    ])
work_dir = '/data/tianyi/TF-OVCOS/runs/tuning_ablation/scclip_context59/work_0.3'

2026/07/13 19:14:34 - mmengine - INFO - Distributed training is not used, all SyncBatchNorm (SyncBN) layers in the model will be automatically reverted to BatchNormXd layers if they are used.
2026/07/13 19:14:34 - mmengine - INFO - Hooks will be executed in the following order:
before_run:
(VERY_HIGH   ) RuntimeInfoHook                    
(BELOW_NORMAL) LoggerHook                         
 -------------------- 
before_train:
(VERY_HIGH   ) RuntimeInfoHook                    
(NORMAL      ) IterTimerHook                      
(VERY_LOW    ) CheckpointHook                     
 -------------------- 
before_train_epoch:
(VERY_HIGH   ) RuntimeInfoHook                    
(NORMAL      ) IterTimerHook                      
(NORMAL      ) DistSamplerSeedHook                
 -------------------- 
before_train_iter:
(VERY_HIGH   ) RuntimeInfoHook                    
(NORMAL      ) IterTimerHook                      
 -------------------- 
after_train_iter:
(VERY_HIGH   ) RuntimeInfoHook                    
(NORMAL      ) IterTimerHook                      
(NORMAL      ) SegVisualizationHook               
(BELOW_NORMAL) LoggerHook                         
(LOW         ) ParamSchedulerHook                 
(VERY_LOW    ) CheckpointHook                     
 -------------------- 
after_train_epoch:
(NORMAL      ) IterTimerHook                      
(LOW         ) ParamSchedulerHook                 
(VERY_LOW    ) CheckpointHook                     
 -------------------- 
before_val:
(VERY_HIGH   ) RuntimeInfoHook                    
 -------------------- 
before_val_epoch:
(NORMAL      ) IterTimerHook                      
 -------------------- 
before_val_iter:
(NORMAL      ) IterTimerHook                      
 -------------------- 
after_val_iter:
(NORMAL      ) IterTimerHook                      
(NORMAL      ) SegVisualizationHook               
(BELOW_NORMAL) LoggerHook                         
 -------------------- 
after_val_epoch:
(VERY_HIGH   ) RuntimeInfoHook                    
(NORMAL      ) IterTimerHook                      
(BELOW_NORMAL) LoggerHook                         
(LOW         ) ParamSchedulerHook                 
(VERY_LOW    ) CheckpointHook                     
 -------------------- 
after_val:
(VERY_HIGH   ) RuntimeInfoHook                    
 -------------------- 
after_train:
(VERY_HIGH   ) RuntimeInfoHook                    
(VERY_LOW    ) CheckpointHook                     
 -------------------- 
before_test:
(VERY_HIGH   ) RuntimeInfoHook                    
 -------------------- 
before_test_epoch:
(NORMAL      ) IterTimerHook                      
 -------------------- 
before_test_iter:
(NORMAL      ) IterTimerHook                      
 -------------------- 
after_test_iter:
(NORMAL      ) IterTimerHook                      
(NORMAL      ) SegVisualizationHook               
(BELOW_NORMAL) LoggerHook                         
 -------------------- 
after_test_epoch:
(VERY_HIGH   ) RuntimeInfoHook                    
(NORMAL      ) IterTimerHook                      
(BELOW_NORMAL) LoggerHook                         
 -------------------- 
after_test:
(VERY_HIGH   ) RuntimeInfoHook                    
 -------------------- 
after_run:
(BELOW_NORMAL) LoggerHook                         
 -------------------- 
2026/07/13 19:14:34 - mmengine - WARNING - The prefix is not set in metric class IoUMetric.
2026/07/13 19:14:39 - mmengine - INFO - Iter(test) [ 50/300]    eta: 0:00:22  time: 0.0751  data_time: 0.0014  memory: 520  
2026/07/13 19:14:42 - mmengine - INFO - Iter(test) [100/300]    eta: 0:00:16  time: 0.0762  data_time: 0.0014  memory: 506  
2026/07/13 19:14:46 - mmengine - INFO - Iter(test) [150/300]    eta: 0:00:11  time: 0.0741  data_time: 0.0014  memory: 516  
2026/07/13 19:14:50 - mmengine - INFO - Iter(test) [200/300]    eta: 0:00:07  time: 0.0800  data_time: 0.0013  memory: 511  
2026/07/13 19:14:53 - mmengine - INFO - Iter(test) [250/300]    eta: 0:00:03  time: 0.0695  data_time: 0.0014  memory: 520  
2026/07/13 19:14:57 - mmengine - INFO - Iter(test) [300/300]    eta: 0:00:00  time: 0.0689  data_time: 0.0014  memory: 485  
2026/07/13 19:14:57 - mmengine - INFO - per class results:
2026/07/13 19:14:57 - mmengine - INFO - 
+-------------+-------+-------+
|    Class    |  IoU  |  Acc  |
+-------------+-------+-------+
|  aeroplane  | 62.54 | 76.65 |
|     bag     |  4.35 | 66.17 |
|     bed     | 21.01 | 97.21 |
|  bedclothes | 20.51 | 86.87 |
|    bench    | 16.14 | 60.18 |
|   bicycle   | 45.94 | 75.96 |
|     bird    | 64.21 | 88.32 |
|     boat    | 52.08 |  89.9 |
|     book    | 33.27 | 38.83 |
|    bottle   | 33.75 | 58.37 |
|   building  | 25.37 | 25.95 |
|     bus     |  71.9 | 95.66 |
|   cabinet   | 25.25 | 51.75 |
|     car     | 72.29 | 87.36 |
|     cat     | 82.42 | 97.78 |
|   ceiling   | 52.67 | 81.14 |
|    chair    | 24.18 | 34.73 |
|    cloth    |  4.69 | 24.43 |
|   computer  |  8.0  | 32.52 |
|     cow     | 82.24 | 91.26 |
|     cup     |  8.6  | 13.65 |
|   curtain   |  8.53 | 86.75 |
|     dog     | 83.17 | 94.88 |
|     door    |  5.72 | 49.21 |
|    fence    | 24.73 | 61.79 |
|    floor    | 37.12 | 68.68 |
|    flower   |  5.61 | 12.07 |
|     food    | 14.07 | 92.56 |
|    grass    |  63.3 | 87.58 |
|    ground   | 21.48 | 24.39 |
|    horse    | 65.49 | 94.22 |
|   keyboard  | 15.55 | 17.92 |
|    light    | 11.08 |  44.3 |
|  motorbike  | 53.08 | 81.97 |
|   mountain  | 41.51 | 74.63 |
|    mouse    |  0.0  |  0.0  |
|    person   | 56.31 | 59.17 |
|    plate    | 17.98 | 42.46 |
|   platform  |  0.7  |  1.31 |
| pottedplant | 30.33 | 82.77 |
|     road    | 40.19 | 57.65 |
|     rock    | 57.77 | 83.81 |
|    sheep    | 21.39 | 93.69 |
|   shelves   |  6.87 | 24.18 |
|   sidewalk  |  7.28 | 58.47 |
|     sign    |  21.6 | 39.07 |
|     sky     | 80.66 |  81.1 |
|     snow    | 64.41 | 90.94 |
|     sofa    | 51.71 | 82.96 |
|    table    | 37.82 | 63.71 |
|    track    |  1.17 |  2.67 |
|    train    | 50.92 | 72.66 |
|     tree    | 59.11 | 73.94 |
|    truck    | 23.71 |  52.0 |
|  tvmonitor  | 21.14 | 22.97 |
|     wall    | 29.49 | 34.91 |
|    water    | 79.26 | 86.26 |
|    window   |  22.1 | 51.05 |
|     wood    |  5.12 | 17.89 |
+-------------+-------+-------+
2026/07/13 19:14:57 - mmengine - INFO - Iter(test) [300/300]    aAcc: 60.4000  mIoU: 34.7300  mAcc: 60.0200  data_time: 0.0018  time: 0.0746
