/data/tianyi/conda_envs/tf-ovos/lib/python3.11/site-packages/transformers/utils/generic.py:441: FutureWarning: `torch.utils._pytree._register_pytree_node` is deprecated. Please use `torch.utils._pytree.register_pytree_node` instead.
  _torch_pytree._register_pytree_node(
/data/tianyi/conda_envs/tf-ovos/lib/python3.11/site-packages/mmcv/cnn/bricks/transformer.py:33: UserWarning: Fail to import ``MultiScaleDeformableAttention`` from ``mmcv.ops.multi_scale_deform_attn``, You should install ``mmcv`` rather than ``mmcv-lite`` if you need this module. 
  warnings.warn('Fail to import ``MultiScaleDeformableAttention`` from '
07/13 19:29:38 - mmengine - INFO - 
------------------------------------------------------------
System environment:
    sys.platform: linux
    Python: 3.11.15 (main, Mar 11 2026, 17:20:07) [GCC 14.3.0]
    CUDA available: True
    MUSA available: False
    numpy_random_seed: 1063748789
    GPU 0: NVIDIA A100 80GB PCIe
    CUDA_HOME: None
    GCC: gcc (Ubuntu 13.3.0-6ubuntu2~24.04.1) 13.3.0
    PyTorch: 2.12.0+cu130
    PyTorch compiling details: PyTorch built with:
  - GCC 13.3
  - C++ Version: 202002
  - Intel(R) oneAPI Math Kernel Library Version 2024.2-Product Build 20240605 for Intel(R) 64 architecture applications
  - Intel(R) MKL-DNN v3.11.2 (Git Hash 03c022d3ffdcee958cfacbe720048e725fdf644c)
  - OpenMP 201511 (a.k.a. OpenMP 4.5)
  - LAPACK is enabled (usually provided by MKL)
  - NNPACK is enabled
  - CPU capability usage: AVX2
  - CUDA Runtime 13.0
  - NVCC architecture flags: -gencode;arch=compute_75,code=sm_75;-gencode;arch=compute_80,code=sm_80;-gencode;arch=compute_86,code=sm_86;-gencode;arch=compute_90,code=sm_90;-gencode;arch=compute_100,code=sm_100;-gencode;arch=compute_120,code=sm_120
  - CuDNN 92.0  (built against CUDA 13.2)
  - Magma 2.6.1
  - Build settings: BLAS_INFO=mkl, BUILD_TYPE=Release, COMMIT_SHA=7661cd9c6b841b62b7f411aa52ec51f05457263b, CUDA_FLAGS= -DLIBCUDACXX_ENABLE_SIMPLIFIED_COMPLEX_OPERATIONS -Xfatbin -compress-all -DONNX_NAMESPACE=onnx_torch -gencode arch=compute_75,code=sm_75 -gencode arch=compute_80,code=sm_80 -gencode arch=compute_86,code=sm_86 -gencode arch=compute_90,code=sm_90 -gencode arch=compute_100,code=sm_100 -gencode arch=compute_120,code=sm_120 -Xcudafe --diag_suppress=cc_clobber_ignored,--diag_suppress=field_without_dll_interface,--diag_suppress=base_class_has_different_dll_interface,--diag_suppress=dll_interface_conflict_none_assumed,--diag_suppress=dll_interface_conflict_dllexport_assumed,--diag_suppress=bad_friend_decl --expt-relaxed-constexpr --expt-extended-lambda -Xfatbin -compress-all --threads 2 -compress-mode=size -Wno-deprecated-gpu-targets --expt-extended-lambda -DCUB_WRAPPED_NAMESPACE=at_cuda_detail -DDISABLE_CUSPARSE_DEPRECATED -DCUDA_HAS_FP16=1 -D__CUDA_NO_HALF_OPERATORS__ -D__CUDA_NO_HALF_CONVERSIONS__ -D__CUDA_NO_HALF2_OPERATORS__ -D__CUDA_NO_BFLOAT16_CONVERSIONS__ -DC10_NODEPRECATED, CUDA_VERSION=13.0, CUDNN_VERSION=9.20.0, CXX_COMPILER=/opt/rh/gcc-toolset-13/root/usr/bin/c++, CXX_FLAGS= -fvisibility-inlines-hidden -DUSE_PTHREADPOOL -DNDEBUG -DUSE_KINETO -DLIBKINETO_NOROCTRACER -DLIBKINETO_NOXPUPTI=ON -DUSE_FBGEMM -DUSE_MSLK -DUSE_PYTORCH_QNNPACK -DUSE_XNNPACK -DSYMBOLICATE_MOBILE_DEBUG_HANDLE -O2 -fPIC -DC10_NODEPRECATED -Wall -Wextra -Werror=return-type -Werror=non-virtual-dtor -Werror=range-loop-construct -Werror=bool-operation -Wnarrowing -Wno-missing-field-initializers -Wno-unknown-pragmas -Wno-unused-parameter -Wno-strict-overflow -Wno-strict-aliasing -Wno-stringop-overflow -Wsuggest-override -Wno-psabi -Wno-error=old-style-cast -faligned-new -Wno-maybe-uninitialized -fno-math-errno -fno-trapping-math -Werror=format -Wno-dangling-reference -Wno-error=dangling-reference -Wno-stringop-overflow, LAPACK_INFO=mkl, PERF_WITH_AVX=1, PERF_WITH_AVX2=1, TORCH_VERSION=2.12.0, USE_CUDA=ON, USE_CUDNN=ON, USE_CUSPARSELT=1, USE_GFLAGS=OFF, USE_GLOG=OFF, USE_GLOO=ON, USE_MKL=ON, USE_MKLDNN=ON, USE_MPI=OFF, USE_NCCL=1, USE_NNPACK=ON, USE_OPENMP=ON, USE_ROCM=OFF, USE_ROCM_KERNEL_ASSERT=OFF, USE_XCCL=OFF, USE_XPU=OFF, 

    TorchVision: 0.27.0+cu130
    OpenCV: 4.13.0
    MMEngine: 0.10.7

Runtime environment:
    cudnn_benchmark: True
    dist_cfg: {'backend': 'nccl'}
    mp_cfg: {'mp_start_method': 'fork', 'opencv_num_threads': 0}
    seed: 1063748789
    Distributed launcher: none
    Distributed training: False
    GPU number: 1
------------------------------------------------------------

07/13 19:29:38 - mmengine - INFO - Config:
data_root = '/data/tianyi/TF-OVCOS/data/official_mmseg/context59'
dataset_type = 'PascalContext59Dataset'
default_hooks = dict(
    checkpoint=dict(by_epoch=False, interval=2000, type='CheckpointHook'),
    logger=dict(interval=50, log_metric_by_epoch=False, type='LoggerHook'),
    param_scheduler=dict(type='ParamSchedulerHook'),
    sampler_seed=dict(type='DistSamplerSeedHook'),
    timer=dict(type='IterTimerHook'))
default_scope = 'mmseg'
env_cfg = dict(
    cudnn_benchmark=True,
    dist_cfg=dict(backend='nccl'),
    mp_cfg=dict(mp_start_method='fork', opencv_num_threads=0))
load_from = None
log_level = 'INFO'
log_processor = dict(by_epoch=False)
model = dict(
    clip_path='ViT-B/16',
    gaussian_std=10.0,
    name_path='./configs/cls_tfovos_context59.txt',
    type='NACLIP')
resume = False
test_cfg = dict(type='TestLoop')
test_dataloader = dict(
    batch_size=1,
    dataset=dict(
        ann_file='ImageSets/SegmentationContext/val_subset300.txt',
        data_prefix=dict(
            img_path='JPEGImages', seg_map_path='SegmentationClassContext'),
        data_root='/data/tianyi/TF-OVCOS/data/official_mmseg/context59',
        pipeline=[
            dict(type='LoadImageFromFile'),
            dict(keep_ratio=True, scale=(
                2048,
                336,
            ), type='Resize'),
            dict(reduce_zero_label=True, type='LoadAnnotations'),
            dict(type='PackSegInputs'),
        ],
        reduce_zero_label=True,
        type='PascalContext59Dataset'),
    num_workers=4,
    persistent_workers=True,
    sampler=dict(shuffle=False, type='DefaultSampler'))
test_evaluator = dict(
    iou_metrics=[
        'mIoU',
    ],
    output_dir=
    '/data/tianyi/TF-OVCOS/runs/tuning_ablation/naclip_context59/preds_10',
    type='IoUMetric')
test_pipeline = [
    dict(type='LoadImageFromFile'),
    dict(keep_ratio=True, scale=(
        2048,
        336,
    ), type='Resize'),
    dict(reduce_zero_label=True, type='LoadAnnotations'),
    dict(type='PackSegInputs'),
]
vis_backends = [
    dict(type='LocalVisBackend'),
]
visualizer = dict(
    name='visualizer',
    type='SegLocalVisualizer',
    vis_backends=[
        dict(type='LocalVisBackend'),
    ])
work_dir = '/data/tianyi/TF-OVCOS/runs/tuning_ablation/naclip_context59/work_10'

07/13 19:29:41 - mmengine - INFO - Distributed training is not used, all SyncBatchNorm (SyncBN) layers in the model will be automatically reverted to BatchNormXd layers if they are used.
07/13 19:29:41 - mmengine - INFO - Hooks will be executed in the following order:
before_run:
(VERY_HIGH   ) RuntimeInfoHook                    
(BELOW_NORMAL) LoggerHook                         
 -------------------- 
before_train:
(VERY_HIGH   ) RuntimeInfoHook                    
(NORMAL      ) IterTimerHook                      
(VERY_LOW    ) CheckpointHook                     
 -------------------- 
before_train_epoch:
(VERY_HIGH   ) RuntimeInfoHook                    
(NORMAL      ) IterTimerHook                      
(NORMAL      ) DistSamplerSeedHook                
 -------------------- 
before_train_iter:
(VERY_HIGH   ) RuntimeInfoHook                    
(NORMAL      ) IterTimerHook                      
 -------------------- 
after_train_iter:
(VERY_HIGH   ) RuntimeInfoHook                    
(NORMAL      ) IterTimerHook                      
(BELOW_NORMAL) LoggerHook                         
(LOW         ) ParamSchedulerHook                 
(VERY_LOW    ) CheckpointHook                     
 -------------------- 
after_train_epoch:
(NORMAL      ) IterTimerHook                      
(LOW         ) ParamSchedulerHook                 
(VERY_LOW    ) CheckpointHook                     
 -------------------- 
before_val:
(VERY_HIGH   ) RuntimeInfoHook                    
 -------------------- 
before_val_epoch:
(NORMAL      ) IterTimerHook                      
 -------------------- 
before_val_iter:
(NORMAL      ) IterTimerHook                      
 -------------------- 
after_val_iter:
(NORMAL      ) IterTimerHook                      
(BELOW_NORMAL) LoggerHook                         
 -------------------- 
after_val_epoch:
(VERY_HIGH   ) RuntimeInfoHook                    
(NORMAL      ) IterTimerHook                      
(BELOW_NORMAL) LoggerHook                         
(LOW         ) ParamSchedulerHook                 
(VERY_LOW    ) CheckpointHook                     
 -------------------- 
after_val:
(VERY_HIGH   ) RuntimeInfoHook                    
 -------------------- 
after_train:
(VERY_HIGH   ) RuntimeInfoHook                    
(VERY_LOW    ) CheckpointHook                     
 -------------------- 
before_test:
(VERY_HIGH   ) RuntimeInfoHook                    
 -------------------- 
before_test_epoch:
(NORMAL      ) IterTimerHook                      
 -------------------- 
before_test_iter:
(NORMAL      ) IterTimerHook                      
 -------------------- 
after_test_iter:
(NORMAL      ) IterTimerHook                      
(BELOW_NORMAL) LoggerHook                         
 -------------------- 
after_test_epoch:
(VERY_HIGH   ) RuntimeInfoHook                    
(NORMAL      ) IterTimerHook                      
(BELOW_NORMAL) LoggerHook                         
 -------------------- 
after_test:
(VERY_HIGH   ) RuntimeInfoHook                    
 -------------------- 
after_run:
(BELOW_NORMAL) LoggerHook                         
 -------------------- 
/data/tianyi/conda_envs/tf-ovos/lib/python3.11/site-packages/mmseg/datasets/transforms/loading.py:83: UserWarning: `reduce_zero_label` will be deprecated, if you would like to ignore the zero label, please set `reduce_zero_label=True` when dataset initialized
  warnings.warn('`reduce_zero_label` will be deprecated, '
07/13 19:29:41 - mmengine - WARNING - The prefix is not set in metric class IoUMetric.
07/13 19:29:54 - mmengine - INFO - Iter(test) [ 50/300]    eta: 0:01:01  time: 0.2022  data_time: 0.0014  memory: 9234  
07/13 19:30:04 - mmengine - INFO - Iter(test) [100/300]    eta: 0:00:44  time: 0.1959  data_time: 0.0015  memory: 8551  
07/13 19:30:12 - mmengine - INFO - Iter(test) [150/300]    eta: 0:00:30  time: 0.2058  data_time: 0.0015  memory: 9090  
07/13 19:30:21 - mmengine - INFO - Iter(test) [200/300]    eta: 0:00:20  time: 0.1674  data_time: 0.0016  memory: 8810  
07/13 19:30:30 - mmengine - INFO - Iter(test) [250/300]    eta: 0:00:09  time: 0.1365  data_time: 0.0015  memory: 9270  
07/13 19:30:37 - mmengine - INFO - Iter(test) [300/300]    eta: 0:00:00  time: 0.1722  data_time: 0.0014  memory: 7453  
07/13 19:30:37 - mmengine - INFO - per class results:
07/13 19:30:37 - mmengine - INFO - 
+-------------+-------+-------+
|    Class    |  IoU  |  Acc  |
+-------------+-------+-------+
|  aeroplane  | 54.58 | 64.14 |
|     bag     |  3.94 | 69.34 |
|     bed     | 19.35 | 94.13 |
|  bedclothes | 22.17 | 86.38 |
|    bench    | 15.97 | 41.24 |
|   bicycle   | 42.71 | 65.92 |
|     bird    | 69.85 | 81.26 |
|     boat    | 52.78 | 81.98 |
|     book    |  32.0 | 35.54 |
|    bottle   | 31.48 | 42.97 |
|   building  |  17.4 | 17.53 |
|     bus     | 78.69 | 88.24 |
|   cabinet   | 25.26 | 44.86 |
|     car     | 68.84 | 84.87 |
|     cat     | 86.57 | 96.61 |
|   ceiling   | 45.35 | 83.32 |
|    chair    | 20.56 |  29.3 |
|    cloth    |  5.08 | 33.36 |
|   computer  |  6.47 | 14.77 |
|     cow     | 84.07 | 92.35 |
|     cup     |  3.8  |  5.86 |
|   curtain   |  9.31 | 89.65 |
|     dog     | 87.38 | 92.95 |
|     door    |  5.17 | 56.33 |
|    fence    | 23.25 | 51.14 |
|    floor    | 35.31 | 78.68 |
|    flower   |  4.76 | 10.43 |
|     food    | 11.77 | 80.81 |
|    grass    | 59.11 | 88.89 |
|    ground   | 18.02 | 21.51 |
|    horse    | 63.86 | 93.01 |
|   keyboard  | 14.75 | 16.89 |
|    light    |  10.2 | 42.08 |
|  motorbike  | 49.39 | 65.01 |
|   mountain  | 49.69 | 71.52 |
|    mouse    |  0.0  |  0.0  |
|    person   |  45.0 | 45.63 |
|    plate    | 14.86 | 53.03 |
|   platform  |  0.92 |  1.31 |
| pottedplant | 26.54 | 74.58 |
|     road    | 35.41 |  58.2 |
|     rock    |  52.2 | 84.67 |
|    sheep    | 31.21 | 63.92 |
|   shelves   |  8.06 | 21.88 |
|   sidewalk  |  6.1  | 55.18 |
|     sign    | 18.69 | 39.55 |
|     sky     | 85.53 | 88.23 |
|     snow    |  65.2 | 88.57 |
|     sofa    | 56.37 | 76.73 |
|    table    | 31.39 | 65.78 |
|    track    |  0.15 |  0.22 |
|    train    | 54.44 | 69.39 |
|     tree    | 48.12 | 58.95 |
|    truck    | 19.81 | 58.93 |
|  tvmonitor  | 16.34 | 16.84 |
|     wall    | 29.73 | 37.41 |
|    water    | 81.11 | 88.04 |
|    window   | 15.79 | 37.47 |
|     wood    |  6.48 | 40.06 |
+-------------+-------+-------+
07/13 19:30:37 - mmengine - INFO - Iter(test) [300/300]    aAcc: 56.3000  mIoU: 33.5300  mAcc: 56.5700  data_time: 0.0019  time: 0.1850
